Release 14.7 - xst P.20131013 (nt64)
Copyright (c) 1995-2013 Xilinx, Inc.  All rights reserved.
--> Parameter TMPDIR set to xst/projnav.tmp


Total REAL time to Xst completion: 0.00 secs
Total CPU time to Xst completion: 0.06 secs
 
--> Parameter xsthdpdir set to xst


Total REAL time to Xst completion: 0.00 secs
Total CPU time to Xst completion: 0.06 secs
 
--> Reading design: ALU.prj

TABLE OF CONTENTS
  1) Synthesis Options Summary
  2) HDL Compilation
  3) Design Hierarchy Analysis
  4) HDL Analysis
  5) HDL Synthesis
     5.1) HDL Synthesis Report
  6) Advanced HDL Synthesis
     6.1) Advanced HDL Synthesis Report
  7) Low Level Synthesis
  8) Partition Report
  9) Final Report
	9.1) Device utilization summary
	9.2) Partition Resource Summary
	9.3) TIMING REPORT


=========================================================================
*                      Synthesis Options Summary                        *
=========================================================================
---- Source Parameters
Input File Name                    : "ALU.prj"
Input Format                       : mixed
Ignore Synthesis Constraint File   : NO

---- Target Parameters
Output File Name                   : "ALU"
Output Format                      : NGC
Target Device                      : xc3s400-5-pq208

---- Source Options
Top Module Name                    : ALU
Automatic FSM Extraction           : YES
FSM Encoding Algorithm             : Auto
Safe Implementation                : No
FSM Style                          : LUT
RAM Extraction                     : Yes
RAM Style                          : Auto
ROM Extraction                     : Yes
Mux Style                          : Auto
Decoder Extraction                 : YES
Priority Encoder Extraction        : Yes
Shift Register Extraction          : YES
Logical Shifter Extraction         : YES
XOR Collapsing                     : YES
ROM Style                          : Auto
Mux Extraction                     : Yes
Resource Sharing                   : YES
Asynchronous To Synchronous        : NO
Multiplier Style                   : Auto
Automatic Register Balancing       : No

---- Target Options
Add IO Buffers                     : YES
Global Maximum Fanout              : 100000
Add Generic Clock Buffer(BUFG)     : 8
Register Duplication               : YES
Slice Packing                      : YES
Optimize Instantiated Primitives   : NO
Use Clock Enable                   : Yes
Use Synchronous Set                : Yes
Use Synchronous Reset              : Yes
Pack IO Registers into IOBs        : Auto
Equivalent register Removal        : YES

---- General Options
Optimization Goal                  : Speed
Optimization Effort                : 1
Keep Hierarchy                     : No
Netlist Hierarchy                  : As_Optimized
RTL Output                         : Yes
Global Optimization                : AllClockNets
Read Cores                         : YES
Write Timing Constraints           : NO
Cross Clock Analysis               : NO
Hierarchy Separator                : /
Bus Delimiter                      : <>
Case Specifier                     : Maintain
Slice Utilization Ratio            : 100
BRAM Utilization Ratio             : 100
Verilog 2001                       : YES
Auto BRAM Packing                  : NO
Slice Utilization Ratio Delta      : 5

=========================================================================


=========================================================================
*                          HDL Compilation                              *
=========================================================================
Compiling vhdl file "C:/Users/ASA/Desktop/Az Ajza/ALU/buff_func.vhd" in Library work.
Architecture behavioral of Entity buff_func is up to date.
Compiling vhdl file "C:/Users/ASA/Desktop/Az Ajza/ALU/and_func.vhd" in Library work.
Architecture behavioral of Entity and_func is up to date.
Compiling vhdl file "C:/Users/ASA/Desktop/Az Ajza/ALU/or_func.vhd" in Library work.
Architecture behavioral of Entity or_func is up to date.
Compiling vhdl file "C:/Users/ASA/Desktop/Az Ajza/ALU/xor_func.vhd" in Library work.
Entity <xor_func> compiled.
Entity <xor_func> (Architecture <behavioral>) compiled.
Compiling vhdl file "C:/Users/ASA/Desktop/Az Ajza/ALU/not_func.vhd" in Library work.
Architecture behavioral of Entity not_func is up to date.
Compiling vhdl file "C:/Users/ASA/Desktop/Az Ajza/ALU/ALU.vhd" in Library work.
Architecture behavioral of Entity alu is up to date.

=========================================================================
*                     Design Hierarchy Analysis                         *
=========================================================================
Analyzing hierarchy for entity <ALU> in library <work> (architecture <behavioral>).

Analyzing hierarchy for entity <buff_func> in library <work> (architecture <behavioral>).

Analyzing hierarchy for entity <and_func> in library <work> (architecture <behavioral>).

Analyzing hierarchy for entity <or_func> in library <work> (architecture <behavioral>).

Analyzing hierarchy for entity <xor_func> in library <work> (architecture <behavioral>).

Analyzing hierarchy for entity <not_func> in library <work> (architecture <behavioral>).


=========================================================================
*                            HDL Analysis                               *
=========================================================================
Analyzing Entity <ALU> in library <work> (Architecture <behavioral>).
Entity <ALU> analyzed. Unit <ALU> generated.

Analyzing Entity <buff_func> in library <work> (Architecture <behavioral>).
Entity <buff_func> analyzed. Unit <buff_func> generated.

Analyzing Entity <and_func> in library <work> (Architecture <behavioral>).
Entity <and_func> analyzed. Unit <and_func> generated.

Analyzing Entity <or_func> in library <work> (Architecture <behavioral>).
Entity <or_func> analyzed. Unit <or_func> generated.

Analyzing Entity <xor_func> in library <work> (Architecture <behavioral>).
Entity <xor_func> analyzed. Unit <xor_func> generated.

Analyzing Entity <not_func> in library <work> (Architecture <behavioral>).
Entity <not_func> analyzed. Unit <not_func> generated.


=========================================================================
*                           HDL Synthesis                               *
=========================================================================

Performing bidirectional port resolution...

Synthesizing Unit <buff_func>.
    Related source file is "C:/Users/ASA/Desktop/Az Ajza/ALU/buff_func.vhd".
Unit <buff_func> synthesized.


Synthesizing Unit <and_func>.
    Related source file is "C:/Users/ASA/Desktop/Az Ajza/ALU/and_func.vhd".
Unit <and_func> synthesized.


Synthesizing Unit <or_func>.
    Related source file is "C:/Users/ASA/Desktop/Az Ajza/ALU/or_func.vhd".
Unit <or_func> synthesized.


Synthesizing Unit <xor_func>.
    Related source file is "C:/Users/ASA/Desktop/Az Ajza/ALU/xor_func.vhd".
    Found 8-bit xor2 for signal <f06$xor0000> created at line 43.
Unit <xor_func> synthesized.


Synthesizing Unit <not_func>.
    Related source file is "C:/Users/ASA/Desktop/Az Ajza/ALU/not_func.vhd".
Unit <not_func> synthesized.


Synthesizing Unit <ALU>.
    Related source file is "C:/Users/ASA/Desktop/Az Ajza/ALU/ALU.vhd".
WARNING:Xst:647 - Input <Cin> is never used. This port will be preserved and left unconnected if it belongs to a top-level block or it belongs to a sub-block and the hierarchy of this sub-block is preserved.
    Found 1-bit xor8 for signal <Status_2$xor0000> created at line 159.
    Summary:
	inferred   1 Xor(s).
Unit <ALU> synthesized.


=========================================================================
HDL Synthesis Report

Macro Statistics
# Xors                                                 : 2
 1-bit xor8                                            : 1
 8-bit xor2                                            : 1

=========================================================================

=========================================================================
*                       Advanced HDL Synthesis                          *
=========================================================================


=========================================================================
Advanced HDL Synthesis Report

Macro Statistics
# Xors                                                 : 2
 1-bit xor8                                            : 1
 8-bit xor2                                            : 1

=========================================================================

=========================================================================
*                         Low Level Synthesis                           *
=========================================================================

Optimizing unit <ALU> ...

Mapping all equations...
Building and optimizing final netlist ...
Found area constraint ratio of 100 (+ 5) on block ALU, actual ratio is 0.

Final Macro Processing ...

=========================================================================
Final Register Report

Found no macro
=========================================================================

=========================================================================
*                           Partition Report                            *
=========================================================================

Partition Implementation Status
-------------------------------

  No Partitions were found in this design.

-------------------------------

=========================================================================
*                            Final Report                               *
=========================================================================
Final Results
RTL Top Level Output File Name     : ALU.ngr
Top Level Output File Name         : ALU
Output Format                      : NGC
Optimization Goal                  : Speed
Keep Hierarchy                     : No

Design Statistics
# IOs                              : 33

Cell Usage :
# BELS                             : 36
#      GND                         : 1
#      LUT2                        : 2
#      LUT4                        : 33
# IO Buffers                       : 32
#      IBUF                        : 20
#      OBUF                        : 12
=========================================================================

Device utilization summary:
---------------------------

Selected Device : 3s400pq208-5 

 Number of Slices:                       20  out of   3584     0%  
 Number of 4 input LUTs:                 35  out of   7168     0%  
 Number of IOs:                          33
 Number of bonded IOBs:                  32  out of    141    22%  

---------------------------
Partition Resource Summary:
---------------------------

  No Partitions were found in this design.

---------------------------


=========================================================================
TIMING REPORT

NOTE: THESE TIMING NUMBERS ARE ONLY A SYNTHESIS ESTIMATE.
      FOR ACCURATE TIMING INFORMATION PLEASE REFER TO THE TRACE REPORT
      GENERATED AFTER PLACE-and-ROUTE.

Clock Information:
------------------
No clock signals found in this design

Asynchronous Control Signals Information:
----------------------------------------
No asynchronous control signals found in this design

Timing Summary:
---------------
Speed Grade: -5

   Minimum period: No path found
   Minimum input arrival time before clock: No path found
   Maximum output required time after clock: No path found
   Maximum combinational path delay: 13.906ns

Timing Detail:
--------------
All values displayed in nanoseconds (ns)

=========================================================================
Timing constraint: Default path analysis
  Total number of paths / destination ports: 744 / 10
-------------------------------------------------------------------------
Delay:               13.906ns (Levels of Logic = 7)
  Source:            OPCODE<2> (PAD)
  Destination:       Status<3> (PAD)

  Data Path: OPCODE<2> to Status<3>
                                Gate     Net
    Cell:in->out      fanout   Delay   Delay  Logical Name (Net Name)
    ----------------------------------------  ------------
     IBUF:I->O             5   0.715   1.078  OPCODE_2_IBUF (OPCODE_2_IBUF)
     LUT4:I0->O           16   0.479   1.346  op061 (op06)
     LUT4:I0->O            1   0.479   0.740  f_r<7>_SW0 (N19)
     LUT4:I2->O            3   0.479   1.066  f_r<7> (F_7_OBUF)
     LUT4:I0->O            1   0.479   0.976  Status_3_not000015 (Status_3_not000015)
     LUT2:I0->O            1   0.479   0.681  Status_3_not000029 (Status_3_OBUF)
     OBUF:I->O                 4.909          Status_3_OBUF (Status<3>)
    ----------------------------------------
    Total                     13.906ns (8.019ns logic, 5.887ns route)
                                       (57.7% logic, 42.3% route)

=========================================================================


Total REAL time to Xst completion: 3.00 secs
Total CPU time to Xst completion: 3.36 secs
 
--> 

Total memory usage is 256040 kilobytes

Number of errors   :    0 (   0 filtered)
Number of warnings :    1 (   0 filtered)
Number of infos    :    0 (   0 filtered)

