--------------------------------------------------------------------------------
Release 14.7 Trace  (nt64)
Copyright (c) 1995-2013 Xilinx, Inc.  All rights reserved.

C:\Xilinx\14.7\ISE_DS\ISE\bin\nt64\unwrapped\trce.exe -intstyle ise -v 3 -s 5
-n 3 -fastpaths -xml ALU.twx ALU.ncd -o ALU.twr ALU.pcf

Design file:              ALU.ncd
Physical constraint file: ALU.pcf
Device,package,speed:     xc3s400,pq208,-5 (PRODUCTION 1.39 2013-10-13)
Report level:             verbose report

Environment Variable      Effect 
--------------------      ------ 
NONE                      No environment variables were set
--------------------------------------------------------------------------------

INFO:Timing:2698 - No timing constraints found, doing default enumeration.
INFO:Timing:3412 - To improve timing, see the Timing Closure User Guide (UG612).
INFO:Timing:2752 - To get complete path coverage, use the unconstrained paths 
   option. All paths that are not constrained will be reported in the 
   unconstrained paths section(s) of the report.
INFO:Timing:3339 - The clock-to-out numbers in this timing report are based on 
   a 50 Ohm transmission line loading model.  For the details of this model, 
   and for more information on accounting for different loading conditions, 
   please see the device datasheet.
INFO:Timing:3390 - This architecture does not support a default System Jitter 
   value, please add SYSTEM_JITTER constraint to the UCF to modify the Clock 
   Uncertainty calculation.
INFO:Timing:3389 - This architecture does not support 'Discrete Jitter' and 
   'Phase Error' calculations, these terms will be zero in the Clock 
   Uncertainty calculation.  Please make appropriate modification to 
   SYSTEM_JITTER to account for the unsupported Discrete Jitter and Phase 
   Error.



Data Sheet report:
-----------------
All values displayed in nanoseconds (ns)

Pad to Pad
---------------+---------------+---------+
Source Pad     |Destination Pad|  Delay  |
---------------+---------------+---------+
A<0>           |F<0>           |    8.395|
A<1>           |F<1>           |    8.771|
A<2>           |F<2>           |    8.123|
A<3>           |F<3>           |    8.582|
A<4>           |F<4>           |    8.325|
A<5>           |F<5>           |    8.468|
A<6>           |F<6>           |    7.946|
A<7>           |F<7>           |    8.202|
B<0>           |F<0>           |    9.678|
B<1>           |F<1>           |    9.788|
B<2>           |F<2>           |    9.473|
B<3>           |F<3>           |    9.542|
B<4>           |F<4>           |    8.550|
B<5>           |F<5>           |    8.741|
B<6>           |F<6>           |    8.244|
B<7>           |F<7>           |    8.336|
OPCODE<0>      |F<0>           |   10.365|
OPCODE<0>      |F<1>           |   11.279|
OPCODE<0>      |F<2>           |   10.792|
OPCODE<0>      |F<3>           |   10.448|
OPCODE<0>      |F<4>           |   10.605|
OPCODE<0>      |F<5>           |   10.067|
OPCODE<0>      |F<6>           |    9.917|
OPCODE<0>      |F<7>           |   10.325|
OPCODE<1>      |F<0>           |    8.574|
OPCODE<1>      |F<1>           |    9.961|
OPCODE<1>      |F<2>           |    9.887|
OPCODE<1>      |F<3>           |    9.700|
OPCODE<1>      |F<4>           |    9.475|
OPCODE<1>      |F<5>           |    9.260|
OPCODE<1>      |F<6>           |    9.155|
OPCODE<1>      |F<7>           |    8.959|
OPCODE<2>      |F<0>           |    9.855|
OPCODE<2>      |F<1>           |   11.242|
OPCODE<2>      |F<2>           |   11.168|
OPCODE<2>      |F<3>           |   10.981|
OPCODE<2>      |F<4>           |   10.756|
OPCODE<2>      |F<5>           |   10.541|
OPCODE<2>      |F<6>           |   10.436|
OPCODE<2>      |F<7>           |   10.240|
OPCODE<3>      |F<0>           |    9.499|
OPCODE<3>      |F<1>           |   10.413|
OPCODE<3>      |F<2>           |    9.926|
OPCODE<3>      |F<3>           |    9.768|
OPCODE<3>      |F<4>           |    9.739|
OPCODE<3>      |F<5>           |    8.860|
OPCODE<3>      |F<6>           |    9.284|
OPCODE<3>      |F<7>           |    9.180|
---------------+---------------+---------+


Analysis completed Sat Mar 01 12:15:54 2025 
--------------------------------------------------------------------------------

Trace Settings:
-------------------------
Trace Settings 

Peak Memory Usage: 142 MB



