--------------------------------------------------------------------------------
Release 14.7 Trace  (nt64)
Copyright (c) 1995-2013 Xilinx, Inc.  All rights reserved.

C:\Xilinx\14.7\ISE_DS\ISE\bin\nt64\unwrapped\trce.exe -intstyle ise -v 3 -s 5
-n 3 -fastpaths -xml ALU.twx ALU.ncd -o ALU.twr ALU.pcf

Design file:              ALU.ncd
Physical constraint file: ALU.pcf
Device,package,speed:     xc3s400,pq208,-5 (PRODUCTION 1.39 2013-10-13)
Report level:             verbose report

Environment Variable      Effect 
--------------------      ------ 
NONE                      No environment variables were set
--------------------------------------------------------------------------------

INFO:Timing:2698 - No timing constraints found, doing default enumeration.
INFO:Timing:3412 - To improve timing, see the Timing Closure User Guide (UG612).
INFO:Timing:2752 - To get complete path coverage, use the unconstrained paths 
   option. All paths that are not constrained will be reported in the 
   unconstrained paths section(s) of the report.
INFO:Timing:3339 - The clock-to-out numbers in this timing report are based on 
   a 50 Ohm transmission line loading model.  For the details of this model, 
   and for more information on accounting for different loading conditions, 
   please see the device datasheet.
INFO:Timing:3390 - This architecture does not support a default System Jitter 
   value, please add SYSTEM_JITTER constraint to the UCF to modify the Clock 
   Uncertainty calculation.
INFO:Timing:3389 - This architecture does not support 'Discrete Jitter' and 
   'Phase Error' calculations, these terms will be zero in the Clock 
   Uncertainty calculation.  Please make appropriate modification to 
   SYSTEM_JITTER to account for the unsupported Discrete Jitter and Phase 
   Error.



Data Sheet report:
-----------------
All values displayed in nanoseconds (ns)

Pad to Pad
---------------+---------------+---------+
Source Pad     |Destination Pad|  Delay  |
---------------+---------------+---------+
A<0>           |F<0>           |    8.144|
A<0>           |Status<2>      |    9.935|
A<0>           |Status<3>      |    9.134|
A<1>           |F<1>           |    7.341|
A<1>           |Status<2>      |    8.846|
A<1>           |Status<3>      |    8.045|
A<2>           |F<2>           |    7.410|
A<2>           |Status<2>      |    9.306|
A<2>           |Status<3>      |    8.777|
A<3>           |F<3>           |    7.354|
A<3>           |Status<2>      |    9.058|
A<3>           |Status<3>      |    8.547|
A<4>           |F<4>           |    6.785|
A<4>           |Status<2>      |   10.008|
A<4>           |Status<3>      |    8.911|
A<5>           |F<5>           |    8.641|
A<5>           |Status<2>      |   11.330|
A<5>           |Status<3>      |   10.231|
A<6>           |F<6>           |    7.496|
A<6>           |Status<2>      |   11.279|
A<6>           |Status<3>      |   10.483|
A<7>           |F<7>           |    8.695|
A<7>           |Status<2>      |   12.050|
A<7>           |Status<3>      |   11.317|
B<0>           |F<0>           |    8.152|
B<0>           |Status<2>      |    9.943|
B<0>           |Status<3>      |    9.142|
B<1>           |F<1>           |    7.414|
B<1>           |Status<2>      |    8.919|
B<1>           |Status<3>      |    8.118|
B<2>           |F<2>           |    7.436|
B<2>           |Status<2>      |    9.332|
B<2>           |Status<3>      |    8.803|
B<3>           |F<3>           |    7.808|
B<3>           |Status<2>      |    9.512|
B<3>           |Status<3>      |    9.001|
B<4>           |F<4>           |    6.769|
B<4>           |Status<2>      |    9.992|
B<4>           |Status<3>      |    8.895|
B<5>           |F<5>           |    7.833|
B<5>           |Status<2>      |   10.522|
B<5>           |Status<3>      |    9.423|
B<6>           |F<6>           |    6.575|
B<6>           |Status<2>      |   10.358|
B<6>           |Status<3>      |    9.562|
B<7>           |F<7>           |    7.799|
B<7>           |Status<2>      |   11.154|
B<7>           |Status<3>      |   10.421|
OPCODE<0>      |F<0>           |    9.513|
OPCODE<0>      |F<1>           |    9.506|
OPCODE<0>      |F<2>           |    9.231|
OPCODE<0>      |F<3>           |    9.333|
OPCODE<0>      |F<4>           |    8.697|
OPCODE<0>      |F<5>           |    9.447|
OPCODE<0>      |F<6>           |    8.229|
OPCODE<0>      |F<7>           |    8.815|
OPCODE<0>      |Status<2>      |   12.170|
OPCODE<0>      |Status<3>      |   11.437|
OPCODE<1>      |F<0>           |    9.095|
OPCODE<1>      |F<1>           |    9.088|
OPCODE<1>      |F<2>           |    8.813|
OPCODE<1>      |F<3>           |    8.915|
OPCODE<1>      |F<4>           |    8.279|
OPCODE<1>      |F<5>           |    9.029|
OPCODE<1>      |F<6>           |    7.811|
OPCODE<1>      |F<7>           |    8.397|
OPCODE<1>      |Status<2>      |   11.752|
OPCODE<1>      |Status<3>      |   11.019|
OPCODE<2>      |F<0>           |    8.855|
OPCODE<2>      |F<1>           |    8.848|
OPCODE<2>      |F<2>           |    8.573|
OPCODE<2>      |F<3>           |    8.675|
OPCODE<2>      |F<4>           |    8.039|
OPCODE<2>      |F<5>           |    8.789|
OPCODE<2>      |F<6>           |    7.571|
OPCODE<2>      |F<7>           |    8.157|
OPCODE<2>      |Status<2>      |   11.512|
OPCODE<2>      |Status<3>      |   10.779|
OPCODE<3>      |F<0>           |    9.374|
OPCODE<3>      |F<1>           |    9.367|
OPCODE<3>      |F<2>           |    9.092|
OPCODE<3>      |F<3>           |    9.194|
OPCODE<3>      |F<4>           |    8.558|
OPCODE<3>      |F<5>           |    9.308|
OPCODE<3>      |F<6>           |    8.090|
OPCODE<3>      |F<7>           |    8.676|
OPCODE<3>      |Status<2>      |   12.031|
OPCODE<3>      |Status<3>      |   11.298|
---------------+---------------+---------+


Analysis completed Sun Mar 16 00:23:08 2025 
--------------------------------------------------------------------------------

Trace Settings:
-------------------------
Trace Settings 

Peak Memory Usage: 138 MB



